------------------------------------------------------------
Timing Analyzer Summary
------------------------------------------------------------

Type  : Slow 1200mV 85C Model Setup 'u0_inst|altpll_0|sd1|pll7|clk[1]'
Slack : -4.450
TNS   : -130.031

Type  : Slow 1200mV 85C Model Setup 'SPI_CLK'
Slack : -1.833
TNS   : -10.330

Type  : Slow 1200mV 85C Model Setup 'u0_inst|altpll_0|sd1|pll7|clk[0]'
Slack : -1.626
TNS   : -6.472

Type  : Slow 1200mV 85C Model Setup 'CLK50M'
Slack : 16.682
TNS   : 0.000

Type  : Slow 1200mV 85C Model Setup 'altera_reserved_tck'
Slack : 46.312
TNS   : 0.000

Type  : Slow 1200mV 85C Model Hold 'u0_inst|altpll_0|sd1|pll7|clk[0]'
Slack : 0.314
TNS   : 0.000

Type  : Slow 1200mV 85C Model Hold 'u0_inst|altpll_0|sd1|pll7|clk[1]'
Slack : 0.321
TNS   : 0.000

Type  : Slow 1200mV 85C Model Hold 'altera_reserved_tck'
Slack : 0.357
TNS   : 0.000

Type  : Slow 1200mV 85C Model Hold 'CLK50M'
Slack : 0.358
TNS   : 0.000

Type  : Slow 1200mV 85C Model Hold 'SPI_CLK'
Slack : 0.381
TNS   : 0.000

Type  : Slow 1200mV 85C Model Recovery 'SPI_CLK'
Slack : -1.536
TNS   : -56.604

Type  : Slow 1200mV 85C Model Recovery 'u0_inst|altpll_0|sd1|pll7|clk[1]'
Slack : 1.995
TNS   : 0.000

Type  : Slow 1200mV 85C Model Recovery 'u0_inst|altpll_0|sd1|pll7|clk[0]'
Slack : 5.879
TNS   : 0.000

Type  : Slow 1200mV 85C Model Recovery 'CLK50M'
Slack : 17.912
TNS   : 0.000

Type  : Slow 1200mV 85C Model Recovery 'altera_reserved_tck'
Slack : 48.523
TNS   : 0.000

Type  : Slow 1200mV 85C Model Removal 'altera_reserved_tck'
Slack : 0.874
TNS   : 0.000

Type  : Slow 1200mV 85C Model Removal 'CLK50M'
Slack : 1.038
TNS   : 0.000

Type  : Slow 1200mV 85C Model Removal 'SPI_CLK'
Slack : 1.344
TNS   : 0.000

Type  : Slow 1200mV 85C Model Removal 'u0_inst|altpll_0|sd1|pll7|clk[1]'
Slack : 1.512
TNS   : 0.000

Type  : Slow 1200mV 85C Model Removal 'u0_inst|altpll_0|sd1|pll7|clk[0]'
Slack : 2.313
TNS   : 0.000

Type  : Slow 1200mV 85C Model Minimum Pulse Width 'u0_inst|altpll_0|sd1|pll7|clk[1]'
Slack : 2.868
TNS   : 0.000

Type  : Slow 1200mV 85C Model Minimum Pulse Width 'SPI_CLK'
Slack : 4.596
TNS   : 0.000

Type  : Slow 1200mV 85C Model Minimum Pulse Width 'u0_inst|altpll_0|sd1|pll7|clk[0]'
Slack : 4.736
TNS   : 0.000

Type  : Slow 1200mV 85C Model Minimum Pulse Width 'CLK50M'
Slack : 9.596
TNS   : 0.000

Type  : Slow 1200mV 85C Model Minimum Pulse Width 'altera_reserved_tck'
Slack : 49.539
TNS   : 0.000

Type  : Slow 1200mV 0C Model Setup 'u0_inst|altpll_0|sd1|pll7|clk[1]'
Slack : -3.826
TNS   : -110.761

Type  : Slow 1200mV 0C Model Setup 'SPI_CLK'
Slack : -1.584
TNS   : -8.770

Type  : Slow 1200mV 0C Model Setup 'u0_inst|altpll_0|sd1|pll7|clk[0]'
Slack : -1.365
TNS   : -5.280

Type  : Slow 1200mV 0C Model Setup 'CLK50M'
Slack : 17.000
TNS   : 0.000

Type  : Slow 1200mV 0C Model Setup 'altera_reserved_tck'
Slack : 46.791
TNS   : 0.000

Type  : Slow 1200mV 0C Model Hold 'altera_reserved_tck'
Slack : 0.311
TNS   : 0.000

Type  : Slow 1200mV 0C Model Hold 'u0_inst|altpll_0|sd1|pll7|clk[0]'
Slack : 0.311
TNS   : 0.000

Type  : Slow 1200mV 0C Model Hold 'CLK50M'
Slack : 0.312
TNS   : 0.000

Type  : Slow 1200mV 0C Model Hold 'u0_inst|altpll_0|sd1|pll7|clk[1]'
Slack : 0.312
TNS   : 0.000

Type  : Slow 1200mV 0C Model Hold 'SPI_CLK'
Slack : 0.346
TNS   : 0.000

Type  : Slow 1200mV 0C Model Recovery 'SPI_CLK'
Slack : -1.303
TNS   : -48.106

Type  : Slow 1200mV 0C Model Recovery 'u0_inst|altpll_0|sd1|pll7|clk[1]'
Slack : 2.437
TNS   : 0.000

Type  : Slow 1200mV 0C Model Recovery 'u0_inst|altpll_0|sd1|pll7|clk[0]'
Slack : 6.311
TNS   : 0.000

Type  : Slow 1200mV 0C Model Recovery 'CLK50M'
Slack : 18.156
TNS   : 0.000

Type  : Slow 1200mV 0C Model Recovery 'altera_reserved_tck'
Slack : 48.752
TNS   : 0.000

Type  : Slow 1200mV 0C Model Removal 'altera_reserved_tck'
Slack : 0.779
TNS   : 0.000

Type  : Slow 1200mV 0C Model Removal 'CLK50M'
Slack : 0.944
TNS   : 0.000

Type  : Slow 1200mV 0C Model Removal 'SPI_CLK'
Slack : 1.259
TNS   : 0.000

Type  : Slow 1200mV 0C Model Removal 'u0_inst|altpll_0|sd1|pll7|clk[1]'
Slack : 1.356
TNS   : 0.000

Type  : Slow 1200mV 0C Model Removal 'u0_inst|altpll_0|sd1|pll7|clk[0]'
Slack : 2.145
TNS   : 0.000

Type  : Slow 1200mV 0C Model Minimum Pulse Width 'u0_inst|altpll_0|sd1|pll7|clk[1]'
Slack : 2.868
TNS   : 0.000

Type  : Slow 1200mV 0C Model Minimum Pulse Width 'SPI_CLK'
Slack : 4.597
TNS   : 0.000

Type  : Slow 1200mV 0C Model Minimum Pulse Width 'u0_inst|altpll_0|sd1|pll7|clk[0]'
Slack : 4.741
TNS   : 0.000

Type  : Slow 1200mV 0C Model Minimum Pulse Width 'CLK50M'
Slack : 9.596
TNS   : 0.000

Type  : Slow 1200mV 0C Model Minimum Pulse Width 'altera_reserved_tck'
Slack : 49.497
TNS   : 0.000

Type  : Fast 1200mV 0C Model Setup 'u0_inst|altpll_0|sd1|pll7|clk[1]'
Slack : -1.918
TNS   : -55.383

Type  : Fast 1200mV 0C Model Setup 'SPI_CLK'
Slack : -0.443
TNS   : -2.372

Type  : Fast 1200mV 0C Model Setup 'u0_inst|altpll_0|sd1|pll7|clk[0]'
Slack : -0.357
TNS   : -0.968

Type  : Fast 1200mV 0C Model Setup 'CLK50M'
Slack : 18.181
TNS   : 0.000

Type  : Fast 1200mV 0C Model Setup 'altera_reserved_tck'
Slack : 48.141
TNS   : 0.000

Type  : Fast 1200mV 0C Model Hold 'u0_inst|altpll_0|sd1|pll7|clk[0]'
Slack : 0.153
TNS   : 0.000

Type  : Fast 1200mV 0C Model Hold 'u0_inst|altpll_0|sd1|pll7|clk[1]'
Slack : 0.166
TNS   : 0.000

Type  : Fast 1200mV 0C Model Hold 'CLK50M'
Slack : 0.186
TNS   : 0.000

Type  : Fast 1200mV 0C Model Hold 'altera_reserved_tck'
Slack : 0.186
TNS   : 0.000

Type  : Fast 1200mV 0C Model Hold 'SPI_CLK'
Slack : 0.196
TNS   : 0.000

Type  : Fast 1200mV 0C Model Recovery 'SPI_CLK'
Slack : -0.510
TNS   : -17.828

Type  : Fast 1200mV 0C Model Recovery 'u0_inst|altpll_0|sd1|pll7|clk[1]'
Slack : 3.643
TNS   : 0.000

Type  : Fast 1200mV 0C Model Recovery 'u0_inst|altpll_0|sd1|pll7|clk[0]'
Slack : 7.536
TNS   : 0.000

Type  : Fast 1200mV 0C Model Recovery 'CLK50M'
Slack : 18.769
TNS   : 0.000

Type  : Fast 1200mV 0C Model Recovery 'altera_reserved_tck'
Slack : 49.479
TNS   : 0.000

Type  : Fast 1200mV 0C Model Removal 'altera_reserved_tck'
Slack : 0.490
TNS   : 0.000

Type  : Fast 1200mV 0C Model Removal 'CLK50M'
Slack : 0.564
TNS   : 0.000

Type  : Fast 1200mV 0C Model Removal 'SPI_CLK'
Slack : 0.683
TNS   : 0.000

Type  : Fast 1200mV 0C Model Removal 'u0_inst|altpll_0|sd1|pll7|clk[1]'
Slack : 0.847
TNS   : 0.000

Type  : Fast 1200mV 0C Model Removal 'u0_inst|altpll_0|sd1|pll7|clk[0]'
Slack : 1.318
TNS   : 0.000

Type  : Fast 1200mV 0C Model Minimum Pulse Width 'u0_inst|altpll_0|sd1|pll7|clk[1]'
Slack : 2.876
TNS   : 0.000

Type  : Fast 1200mV 0C Model Minimum Pulse Width 'SPI_CLK'
Slack : 4.273
TNS   : 0.000

Type  : Fast 1200mV 0C Model Minimum Pulse Width 'u0_inst|altpll_0|sd1|pll7|clk[0]'
Slack : 4.748
TNS   : 0.000

Type  : Fast 1200mV 0C Model Minimum Pulse Width 'CLK50M'
Slack : 9.272
TNS   : 0.000

Type  : Fast 1200mV 0C Model Minimum Pulse Width 'altera_reserved_tck'
Slack : 49.310
TNS   : 0.000

------------------------------------------------------------
