u0_inst|altpll_0|sd1|pll7|clk[0] (Setup) report for DE0_Nano
Fri Aug 02 00:11:01 2024
Quartus Prime Version 18.1.1 Build 646 04/11/2019 SJ Lite Edition


---------------------
; Table of Contents ;
---------------------
  1. Legal Notice
  2. u0_inst|altpll_0|sd1|pll7|clk[0] (Setup)



----------------
; Legal Notice ;
----------------
Copyright (C) 2019  Intel Corporation. All rights reserved.
Your use of Intel Corporation's design tools, logic functions 
and other software and tools, and any partner logic 
functions, and any output files from any of the foregoing 
(including device programming or simulation files), and any 
associated documentation or information are expressly subject 
to the terms and conditions of the Intel Program License 
Subscription Agreement, the Intel Quartus Prime License Agreement,
the Intel FPGA IP License Agreement, or other applicable license
agreement, including, without limitation, that your use is for
the sole purpose of programming logic devices manufactured by
Intel and sold by Intel or its authorized distributors.  Please
refer to the applicable agreement for further details, at
https://fpgasoftware.intel.com/eula.



+--------------------------------------------------------------------------------------+
; u0_inst|altpll_0|sd1|pll7|clk[0] (Setup)                                             ;
+-------------------------+-------+----------------------------------------------------+
; Slack (ns)              ; Edges ; Histogram                                          ;
+-------------------------+-------+----------------------------------------------------+
; [   -3.330 ,    0.000 ] ; 104   ;                                                    ;
; [    0.000 ,    3.330 ] ; 3746  ; XXXXXXXXXXXX                                       ;
; [    3.330 ,    6.660 ] ; 11894 ; XXXXXXXXXXXXXXXXXXXXXXXXXXXXXXXXXXXXXXXXX          ;
; [    6.660 ,    9.990 ] ; 14501 ; XXXXXXXXXXXXXXXXXXXXXXXXXXXXXXXXXXXXXXXXXXXXXXXXXX ;
; [    9.990 ,   13.320 ] ; 0     ;                                                    ;
; [   13.320 ,   16.650 ] ; 0     ;                                                    ;
; [   16.650 ,   19.980 ] ; 0     ;                                                    ;
; [   19.980 ,   23.310 ] ; 0     ;                                                    ;
; [   23.310 ,   26.640 ] ; 0     ;                                                    ;
; [   26.640 ,   29.970 ] ; 0     ;                                                    ;
; [   29.970 ,   33.300 ] ; 0     ;                                                    ;
; [   33.300 ,   36.630 ] ; 0     ;                                                    ;
; [   36.630 ,   39.960 ] ; 0     ;                                                    ;
; [   39.960 ,   43.290 ] ; 0     ;                                                    ;
; [   43.290 ,   46.620 ] ; 0     ;                                                    ;
; [   46.620 ,   49.950 ] ; 0     ;                                                    ;
; [   49.950 ,   53.280 ] ; 0     ;                                                    ;
; [   53.280 ,   56.610 ] ; 0     ;                                                    ;
; [   56.610 ,   59.940 ] ; 0     ;                                                    ;
; [   59.940 ,   63.270 ] ; 0     ;                                                    ;
; [   63.270 ,   66.600 ] ; 0     ;                                                    ;
; [   66.600 ,   69.930 ] ; 0     ;                                                    ;
; [   69.930 ,   73.260 ] ; 0     ;                                                    ;
; [   73.260 ,   76.590 ] ; 0     ;                                                    ;
; [   76.590 ,   79.920 ] ; 0     ;                                                    ;
; [   79.920 ,   83.250 ] ; 0     ;                                                    ;
; [   83.250 ,   86.580 ] ; 0     ;                                                    ;
; [   86.580 ,   89.910 ] ; 0     ;                                                    ;
; [   89.910 ,   93.240 ] ; 0     ;                                                    ;
; [   93.240 ,   96.570 ] ; 20    ;                                                    ;
+-------------------------+-------+----------------------------------------------------+



