------------------------------------------------------------
Timing Analyzer Summary
------------------------------------------------------------

Type  : Slow 1200mV 85C Model Setup 'u0_inst|altpll_0|sd1|pll7|clk[1]'
Slack : -3.495
TNS   : -106.952

Type  : Slow 1200mV 85C Model Setup 'u0_inst|altpll_0|sd1|pll7|clk[0]'
Slack : -2.152
TNS   : -9.334

Type  : Slow 1200mV 85C Model Setup 'SPI_CLK'
Slack : -1.872
TNS   : -10.253

Type  : Slow 1200mV 85C Model Setup 'CLK50M'
Slack : 16.706
TNS   : 0.000

Type  : Slow 1200mV 85C Model Setup 'altera_reserved_tck'
Slack : 46.279
TNS   : 0.000

Type  : Slow 1200mV 85C Model Hold 'u0_inst|altpll_0|sd1|pll7|clk[1]'
Slack : 0.301
TNS   : 0.000

Type  : Slow 1200mV 85C Model Hold 'u0_inst|altpll_0|sd1|pll7|clk[0]'
Slack : 0.308
TNS   : 0.000

Type  : Slow 1200mV 85C Model Hold 'CLK50M'
Slack : 0.343
TNS   : 0.000

Type  : Slow 1200mV 85C Model Hold 'altera_reserved_tck'
Slack : 0.358
TNS   : 0.000

Type  : Slow 1200mV 85C Model Hold 'SPI_CLK'
Slack : 0.381
TNS   : 0.000

Type  : Slow 1200mV 85C Model Recovery 'SPI_CLK'
Slack : -1.729
TNS   : -59.974

Type  : Slow 1200mV 85C Model Recovery 'u0_inst|altpll_0|sd1|pll7|clk[1]'
Slack : 1.800
TNS   : 0.000

Type  : Slow 1200mV 85C Model Recovery 'u0_inst|altpll_0|sd1|pll7|clk[0]'
Slack : 5.710
TNS   : 0.000

Type  : Slow 1200mV 85C Model Recovery 'CLK50M'
Slack : 18.221
TNS   : 0.000

Type  : Slow 1200mV 85C Model Recovery 'altera_reserved_tck'
Slack : 47.947
TNS   : 0.000

Type  : Slow 1200mV 85C Model Removal 'CLK50M'
Slack : 0.705
TNS   : 0.000

Type  : Slow 1200mV 85C Model Removal 'altera_reserved_tck'
Slack : 1.015
TNS   : 0.000

Type  : Slow 1200mV 85C Model Removal 'u0_inst|altpll_0|sd1|pll7|clk[0]'
Slack : 1.034
TNS   : 0.000

Type  : Slow 1200mV 85C Model Removal 'SPI_CLK'
Slack : 1.311
TNS   : 0.000

Type  : Slow 1200mV 85C Model Removal 'u0_inst|altpll_0|sd1|pll7|clk[1]'
Slack : 1.523
TNS   : 0.000

Type  : Slow 1200mV 85C Model Minimum Pulse Width 'u0_inst|altpll_0|sd1|pll7|clk[1]'
Slack : 2.867
TNS   : 0.000

Type  : Slow 1200mV 85C Model Minimum Pulse Width 'SPI_CLK'
Slack : 4.596
TNS   : 0.000

Type  : Slow 1200mV 85C Model Minimum Pulse Width 'u0_inst|altpll_0|sd1|pll7|clk[0]'
Slack : 4.739
TNS   : 0.000

Type  : Slow 1200mV 85C Model Minimum Pulse Width 'CLK50M'
Slack : 9.580
TNS   : 0.000

Type  : Slow 1200mV 85C Model Minimum Pulse Width 'altera_reserved_tck'
Slack : 49.540
TNS   : 0.000

Type  : Slow 1200mV 0C Model Setup 'u0_inst|altpll_0|sd1|pll7|clk[1]'
Slack : -2.987
TNS   : -91.036

Type  : Slow 1200mV 0C Model Setup 'u0_inst|altpll_0|sd1|pll7|clk[0]'
Slack : -1.832
TNS   : -7.942

Type  : Slow 1200mV 0C Model Setup 'SPI_CLK'
Slack : -1.609
TNS   : -8.749

Type  : Slow 1200mV 0C Model Setup 'CLK50M'
Slack : 17.041
TNS   : 0.000

Type  : Slow 1200mV 0C Model Setup 'altera_reserved_tck'
Slack : 46.745
TNS   : 0.000

Type  : Slow 1200mV 0C Model Hold 'u0_inst|altpll_0|sd1|pll7|clk[1]'
Slack : 0.292
TNS   : 0.000

Type  : Slow 1200mV 0C Model Hold 'CLK50M'
Slack : 0.299
TNS   : 0.000

Type  : Slow 1200mV 0C Model Hold 'u0_inst|altpll_0|sd1|pll7|clk[0]'
Slack : 0.301
TNS   : 0.000

Type  : Slow 1200mV 0C Model Hold 'altera_reserved_tck'
Slack : 0.311
TNS   : 0.000

Type  : Slow 1200mV 0C Model Hold 'SPI_CLK'
Slack : 0.346
TNS   : 0.000

Type  : Slow 1200mV 0C Model Recovery 'SPI_CLK'
Slack : -1.451
TNS   : -50.332

Type  : Slow 1200mV 0C Model Recovery 'u0_inst|altpll_0|sd1|pll7|clk[1]'
Slack : 2.284
TNS   : 0.000

Type  : Slow 1200mV 0C Model Recovery 'u0_inst|altpll_0|sd1|pll7|clk[0]'
Slack : 6.149
TNS   : 0.000

Type  : Slow 1200mV 0C Model Recovery 'CLK50M'
Slack : 18.394
TNS   : 0.000

Type  : Slow 1200mV 0C Model Recovery 'altera_reserved_tck'
Slack : 48.228
TNS   : 0.000

Type  : Slow 1200mV 0C Model Removal 'CLK50M'
Slack : 0.646
TNS   : 0.000

Type  : Slow 1200mV 0C Model Removal 'altera_reserved_tck'
Slack : 0.913
TNS   : 0.000

Type  : Slow 1200mV 0C Model Removal 'u0_inst|altpll_0|sd1|pll7|clk[0]'
Slack : 0.941
TNS   : 0.000

Type  : Slow 1200mV 0C Model Removal 'SPI_CLK'
Slack : 1.251
TNS   : 0.000

Type  : Slow 1200mV 0C Model Removal 'u0_inst|altpll_0|sd1|pll7|clk[1]'
Slack : 1.380
TNS   : 0.000

Type  : Slow 1200mV 0C Model Minimum Pulse Width 'u0_inst|altpll_0|sd1|pll7|clk[1]'
Slack : 2.870
TNS   : 0.000

Type  : Slow 1200mV 0C Model Minimum Pulse Width 'SPI_CLK'
Slack : 4.596
TNS   : 0.000

Type  : Slow 1200mV 0C Model Minimum Pulse Width 'u0_inst|altpll_0|sd1|pll7|clk[0]'
Slack : 4.742
TNS   : 0.000

Type  : Slow 1200mV 0C Model Minimum Pulse Width 'CLK50M'
Slack : 9.587
TNS   : 0.000

Type  : Slow 1200mV 0C Model Minimum Pulse Width 'altera_reserved_tck'
Slack : 49.499
TNS   : 0.000

Type  : Fast 1200mV 0C Model Setup 'u0_inst|altpll_0|sd1|pll7|clk[1]'
Slack : -1.504
TNS   : -45.212

Type  : Fast 1200mV 0C Model Setup 'u0_inst|altpll_0|sd1|pll7|clk[0]'
Slack : -0.712
TNS   : -2.683

Type  : Fast 1200mV 0C Model Setup 'SPI_CLK'
Slack : -0.458
TNS   : -2.283

Type  : Fast 1200mV 0C Model Setup 'CLK50M'
Slack : 18.180
TNS   : 0.000

Type  : Fast 1200mV 0C Model Setup 'altera_reserved_tck'
Slack : 48.179
TNS   : 0.000

Type  : Fast 1200mV 0C Model Hold 'u0_inst|altpll_0|sd1|pll7|clk[1]'
Slack : 0.147
TNS   : 0.000

Type  : Fast 1200mV 0C Model Hold 'u0_inst|altpll_0|sd1|pll7|clk[0]'
Slack : 0.152
TNS   : 0.000

Type  : Fast 1200mV 0C Model Hold 'CLK50M'
Slack : 0.179
TNS   : 0.000

Type  : Fast 1200mV 0C Model Hold 'altera_reserved_tck'
Slack : 0.188
TNS   : 0.000

Type  : Fast 1200mV 0C Model Hold 'SPI_CLK'
Slack : 0.197
TNS   : 0.000

Type  : Fast 1200mV 0C Model Recovery 'SPI_CLK'
Slack : -0.612
TNS   : -20.048

Type  : Fast 1200mV 0C Model Recovery 'u0_inst|altpll_0|sd1|pll7|clk[1]'
Slack : 3.538
TNS   : 0.000

Type  : Fast 1200mV 0C Model Recovery 'u0_inst|altpll_0|sd1|pll7|clk[0]'
Slack : 7.464
TNS   : 0.000

Type  : Fast 1200mV 0C Model Recovery 'CLK50M'
Slack : 18.959
TNS   : 0.000

Type  : Fast 1200mV 0C Model Recovery 'altera_reserved_tck'
Slack : 49.110
TNS   : 0.000

Type  : Fast 1200mV 0C Model Removal 'CLK50M'
Slack : 0.383
TNS   : 0.000

Type  : Fast 1200mV 0C Model Removal 'u0_inst|altpll_0|sd1|pll7|clk[0]'
Slack : 0.560
TNS   : 0.000

Type  : Fast 1200mV 0C Model Removal 'altera_reserved_tck'
Slack : 0.561
TNS   : 0.000

Type  : Fast 1200mV 0C Model Removal 'SPI_CLK'
Slack : 0.667
TNS   : 0.000

Type  : Fast 1200mV 0C Model Removal 'u0_inst|altpll_0|sd1|pll7|clk[1]'
Slack : 0.847
TNS   : 0.000

Type  : Fast 1200mV 0C Model Minimum Pulse Width 'u0_inst|altpll_0|sd1|pll7|clk[1]'
Slack : 2.878
TNS   : 0.000

Type  : Fast 1200mV 0C Model Minimum Pulse Width 'SPI_CLK'
Slack : 4.273
TNS   : 0.000

Type  : Fast 1200mV 0C Model Minimum Pulse Width 'u0_inst|altpll_0|sd1|pll7|clk[0]'
Slack : 4.747
TNS   : 0.000

Type  : Fast 1200mV 0C Model Minimum Pulse Width 'CLK50M'
Slack : 9.245
TNS   : 0.000

Type  : Fast 1200mV 0C Model Minimum Pulse Width 'altera_reserved_tck'
Slack : 49.309
TNS   : 0.000

------------------------------------------------------------
