------------------------------------------------------------
Timing Analyzer Summary
------------------------------------------------------------

Type  : Slow 1200mV 85C Model Setup 'u0_inst|altpll_0|sd1|pll7|clk[1]'
Slack : -2.805
TNS   : -22.440

Type  : Slow 1200mV 85C Model Setup 'SPI_CLK'
Slack : -1.581
TNS   : -5.952

Type  : Slow 1200mV 85C Model Setup 'u0_inst|altpll_0|sd1|pll7|clk[0]'
Slack : 1.742
TNS   : 0.000

Type  : Slow 1200mV 85C Model Setup 'CLK50M'
Slack : 16.886
TNS   : 0.000

Type  : Slow 1200mV 85C Model Setup 'altera_reserved_tck'
Slack : 46.642
TNS   : 0.000

Type  : Slow 1200mV 85C Model Hold 'u0_inst|altpll_0|sd1|pll7|clk[0]'
Slack : 0.304
TNS   : 0.000

Type  : Slow 1200mV 85C Model Hold 'altera_reserved_tck'
Slack : 0.357
TNS   : 0.000

Type  : Slow 1200mV 85C Model Hold 'u0_inst|altpll_0|sd1|pll7|clk[1]'
Slack : 0.357
TNS   : 0.000

Type  : Slow 1200mV 85C Model Hold 'CLK50M'
Slack : 0.358
TNS   : 0.000

Type  : Slow 1200mV 85C Model Hold 'SPI_CLK'
Slack : 0.358
TNS   : 0.000

Type  : Slow 1200mV 85C Model Recovery 'SPI_CLK'
Slack : -1.533
TNS   : -17.808

Type  : Slow 1200mV 85C Model Recovery 'u0_inst|altpll_0|sd1|pll7|clk[1]'
Slack : 2.000
TNS   : 0.000

Type  : Slow 1200mV 85C Model Recovery 'u0_inst|altpll_0|sd1|pll7|clk[0]'
Slack : 5.488
TNS   : 0.000

Type  : Slow 1200mV 85C Model Recovery 'CLK50M'
Slack : 18.234
TNS   : 0.000

Type  : Slow 1200mV 85C Model Recovery 'altera_reserved_tck'
Slack : 48.075
TNS   : 0.000

Type  : Slow 1200mV 85C Model Removal 'u0_inst|altpll_0|sd1|pll7|clk[0]'
Slack : 0.917
TNS   : 0.000

Type  : Slow 1200mV 85C Model Removal 'CLK50M'
Slack : 1.027
TNS   : 0.000

Type  : Slow 1200mV 85C Model Removal 'SPI_CLK'
Slack : 1.256
TNS   : 0.000

Type  : Slow 1200mV 85C Model Removal 'altera_reserved_tck'
Slack : 1.291
TNS   : 0.000

Type  : Slow 1200mV 85C Model Removal 'u0_inst|altpll_0|sd1|pll7|clk[1]'
Slack : 2.507
TNS   : 0.000

Type  : Slow 1200mV 85C Model Minimum Pulse Width 'u0_inst|altpll_0|sd1|pll7|clk[1]'
Slack : 2.871
TNS   : 0.000

Type  : Slow 1200mV 85C Model Minimum Pulse Width 'SPI_CLK'
Slack : 4.599
TNS   : 0.000

Type  : Slow 1200mV 85C Model Minimum Pulse Width 'u0_inst|altpll_0|sd1|pll7|clk[0]'
Slack : 4.741
TNS   : 0.000

Type  : Slow 1200mV 85C Model Minimum Pulse Width 'CLK50M'
Slack : 9.581
TNS   : 0.000

Type  : Slow 1200mV 85C Model Minimum Pulse Width 'altera_reserved_tck'
Slack : 49.535
TNS   : 0.000

Type  : Slow 1200mV 0C Model Setup 'u0_inst|altpll_0|sd1|pll7|clk[1]'
Slack : -2.358
TNS   : -18.864

Type  : Slow 1200mV 0C Model Setup 'SPI_CLK'
Slack : -1.385
TNS   : -5.130

Type  : Slow 1200mV 0C Model Setup 'u0_inst|altpll_0|sd1|pll7|clk[0]'
Slack : 2.621
TNS   : 0.000

Type  : Slow 1200mV 0C Model Setup 'CLK50M'
Slack : 17.203
TNS   : 0.000

Type  : Slow 1200mV 0C Model Setup 'altera_reserved_tck'
Slack : 47.026
TNS   : 0.000

Type  : Slow 1200mV 0C Model Hold 'u0_inst|altpll_0|sd1|pll7|clk[0]'
Slack : 0.296
TNS   : 0.000

Type  : Slow 1200mV 0C Model Hold 'SPI_CLK'
Slack : 0.311
TNS   : 0.000

Type  : Slow 1200mV 0C Model Hold 'altera_reserved_tck'
Slack : 0.311
TNS   : 0.000

Type  : Slow 1200mV 0C Model Hold 'u0_inst|altpll_0|sd1|pll7|clk[1]'
Slack : 0.311
TNS   : 0.000

Type  : Slow 1200mV 0C Model Hold 'CLK50M'
Slack : 0.312
TNS   : 0.000

Type  : Slow 1200mV 0C Model Recovery 'SPI_CLK'
Slack : -1.291
TNS   : -15.018

Type  : Slow 1200mV 0C Model Recovery 'u0_inst|altpll_0|sd1|pll7|clk[1]'
Slack : 2.451
TNS   : 0.000

Type  : Slow 1200mV 0C Model Recovery 'u0_inst|altpll_0|sd1|pll7|clk[0]'
Slack : 6.013
TNS   : 0.000

Type  : Slow 1200mV 0C Model Recovery 'CLK50M'
Slack : 18.439
TNS   : 0.000

Type  : Slow 1200mV 0C Model Recovery 'altera_reserved_tck'
Slack : 48.318
TNS   : 0.000

Type  : Slow 1200mV 0C Model Removal 'u0_inst|altpll_0|sd1|pll7|clk[0]'
Slack : 0.828
TNS   : 0.000

Type  : Slow 1200mV 0C Model Removal 'CLK50M'
Slack : 0.929
TNS   : 0.000

Type  : Slow 1200mV 0C Model Removal 'altera_reserved_tck'
Slack : 1.177
TNS   : 0.000

Type  : Slow 1200mV 0C Model Removal 'SPI_CLK'
Slack : 1.199
TNS   : 0.000

Type  : Slow 1200mV 0C Model Removal 'u0_inst|altpll_0|sd1|pll7|clk[1]'
Slack : 2.262
TNS   : 0.000

Type  : Slow 1200mV 0C Model Minimum Pulse Width 'u0_inst|altpll_0|sd1|pll7|clk[1]'
Slack : 2.867
TNS   : 0.000

Type  : Slow 1200mV 0C Model Minimum Pulse Width 'SPI_CLK'
Slack : 4.597
TNS   : 0.000

Type  : Slow 1200mV 0C Model Minimum Pulse Width 'u0_inst|altpll_0|sd1|pll7|clk[0]'
Slack : 4.743
TNS   : 0.000

Type  : Slow 1200mV 0C Model Minimum Pulse Width 'CLK50M'
Slack : 9.591
TNS   : 0.000

Type  : Slow 1200mV 0C Model Minimum Pulse Width 'altera_reserved_tck'
Slack : 49.497
TNS   : 0.000

Type  : Fast 1200mV 0C Model Setup 'u0_inst|altpll_0|sd1|pll7|clk[1]'
Slack : -1.127
TNS   : -9.016

Type  : Fast 1200mV 0C Model Setup 'SPI_CLK'
Slack : -0.338
TNS   : -1.275

Type  : Fast 1200mV 0C Model Setup 'u0_inst|altpll_0|sd1|pll7|clk[0]'
Slack : 5.134
TNS   : 0.000

Type  : Fast 1200mV 0C Model Setup 'CLK50M'
Slack : 18.234
TNS   : 0.000

Type  : Fast 1200mV 0C Model Setup 'altera_reserved_tck'
Slack : 48.412
TNS   : 0.000

Type  : Fast 1200mV 0C Model Hold 'u0_inst|altpll_0|sd1|pll7|clk[0]'
Slack : 0.149
TNS   : 0.000

Type  : Fast 1200mV 0C Model Hold 'CLK50M'
Slack : 0.186
TNS   : 0.000

Type  : Fast 1200mV 0C Model Hold 'SPI_CLK'
Slack : 0.186
TNS   : 0.000

Type  : Fast 1200mV 0C Model Hold 'altera_reserved_tck'
Slack : 0.186
TNS   : 0.000

Type  : Fast 1200mV 0C Model Hold 'u0_inst|altpll_0|sd1|pll7|clk[1]'
Slack : 0.187
TNS   : 0.000

Type  : Fast 1200mV 0C Model Recovery 'SPI_CLK'
Slack : -0.473
TNS   : -5.218

Type  : Fast 1200mV 0C Model Recovery 'u0_inst|altpll_0|sd1|pll7|clk[1]'
Slack : 3.680
TNS   : 0.000

Type  : Fast 1200mV 0C Model Recovery 'u0_inst|altpll_0|sd1|pll7|clk[0]'
Slack : 7.285
TNS   : 0.000

Type  : Fast 1200mV 0C Model Recovery 'CLK50M'
Slack : 18.974
TNS   : 0.000

Type  : Fast 1200mV 0C Model Recovery 'altera_reserved_tck'
Slack : 49.158
TNS   : 0.000

Type  : Fast 1200mV 0C Model Removal 'u0_inst|altpll_0|sd1|pll7|clk[0]'
Slack : 0.504
TNS   : 0.000

Type  : Fast 1200mV 0C Model Removal 'CLK50M'
Slack : 0.555
TNS   : 0.000

Type  : Fast 1200mV 0C Model Removal 'SPI_CLK'
Slack : 0.631
TNS   : 0.000

Type  : Fast 1200mV 0C Model Removal 'altera_reserved_tck'
Slack : 0.692
TNS   : 0.000

Type  : Fast 1200mV 0C Model Removal 'u0_inst|altpll_0|sd1|pll7|clk[1]'
Slack : 1.383
TNS   : 0.000

Type  : Fast 1200mV 0C Model Minimum Pulse Width 'u0_inst|altpll_0|sd1|pll7|clk[1]'
Slack : 2.907
TNS   : 0.000

Type  : Fast 1200mV 0C Model Minimum Pulse Width 'SPI_CLK'
Slack : 4.273
TNS   : 0.000

Type  : Fast 1200mV 0C Model Minimum Pulse Width 'u0_inst|altpll_0|sd1|pll7|clk[0]'
Slack : 4.749
TNS   : 0.000

Type  : Fast 1200mV 0C Model Minimum Pulse Width 'CLK50M'
Slack : 9.247
TNS   : 0.000

Type  : Fast 1200mV 0C Model Minimum Pulse Width 'altera_reserved_tck'
Slack : 49.310
TNS   : 0.000

------------------------------------------------------------
